../Core/Src/ADXL.c:19:13:writeRegister	16	static
../Core/Src/ADXL.c:42:13:readRegister	16	static
../Core/Src/ADXL.c:99:13:adxlBW	24	static
../Core/Src/ADXL.c:147:13:adxlFormat	24	static
../Core/Src/ADXL.c:159:12:ADXL_Init	24	static
../Core/Src/ADXL.c:216:6:ADXL_getAccel	32	static
../Core/Src/ADXL.c:245:6:ADXL_Measure	24	static
../Core/Src/ADXL.c:269:6:ADXL_Sleep	24	static
../Core/Src/ADXL.c:293:6:ADXL_Standby	24	static
../Core/Src/ADXL.c:318:6:ADXL_test	16	static
../Core/Src/ADXL.c:329:6:ADXL_enableSelfTest	16	static
../Core/Src/ADXL.c:341:6:ADXL_disableSelfTest	16	static
../Core/Src/ADXL.c:356:6:ADXL_SetOffset	16	static
../Core/Src/ADXL.c:375:6:ADXL_enableSingleTap	32	static
../Core/Src/ADXL.c:407:6:ADXL_disableSingleTap	16	static
../Core/Src/ADXL.c:428:6:ADXL_enableDoubleTap	32	static
../Core/Src/ADXL.c:461:6:ADXL_disableDoubleTap	16	static
../Core/Src/ADXL.c:477:6:ADXL_enableActivity	32	static
../Core/Src/ADXL.c:511:6:ADXL_disableActivity	16	static
../Core/Src/ADXL.c:535:6:ADXL_enableFreeFall	24	static
../Core/Src/ADXL.c:557:6:ADXL_disableFreeFall	16	static
../Core/Src/ADXL.c:571:6:ADXL_IntProto	16	static
