../Core/Src/main.c:166:5:__io_putchar	16	static
../Core/Src/main.c:178:6:HAL_UART_RxHalfCpltCallback	16	static
../Core/Src/main.c:189:6:HAL_UART_RxCpltCallback	16	static
../Core/Src/main.c:200:6:HAL_UART_ErrorCallback	16	static
../Core/Src/main.c:221:6:test_Motors	8	static
../Core/Src/main.c:237:5:main	8	static
../Core/Src/main.c:316:6:SystemClock_Config	88	static
../Core/Src/main.c:370:6:HAL_TIM_PeriodElapsedCallback	16	static
../Core/Src/main.c:387:6:Error_Handler	4	static,ignoring_inline_asm
